../Core/Src/main.c:80:6:Generate_SineWave	16	static
../Core/Src/main.c:88:6:Play_Sound	8	static
../Core/Src/main.c:95:6:CS43L22_Write	32	static
../Core/Src/main.c:100:6:CS43L22_Init	8	static
../Core/Src/main.c:122:5:main	24	static
../Core/Src/main.c:228:6:SystemClock_Config	88	static
../Core/Src/main.c:272:5:_write	24	static
../Core/Src/main.c:279:9:LIS3DSH_ReadReg	32	static
../Core/Src/main.c:295:6:LIS3DSH_Test	16	static
../Core/Src/main.c:310:9:LIS3DSH_ReadAxis	24	static
../Core/Src/main.c:317:6:LIS3DSH_ReadXYZ	16	static
../Core/Src/main.c:332:6:Error_Handler	4	static,ignoring_inline_asm
